
c:/users/user-1/.platformio/packages/toolchain-xtensa-esp32s3/b
in/../lib/gcc/xtensa-esp32s3-elf/12.2.0/../../../../xtensa-esp3
2s3-elf/bin/ld.exe: .pio/build/ws35b-release/src/UI_Screen_Heal
th.cpp.o:(.literal._Z16drawHealthScreenv+0x24): undefined refer
ence to `stats'


